[salonsafari.com/index.html]
[backblue.gif]
[fade.gif]
[index.html]
[salonsafari.com/cdn/shop/files/logo6302.jpg]
[salonsafari.com/cdn/shop/t/1/assets/constants8160.js]
[salonsafari.com/cdn/shop/t/1/assets/pubsub7ff3.js]
[salonsafari.com/cdn/shop/t/1/assets/global4360.js]
[salonsafari.com/cdn/shop/t/1/assets/animations1a96.js]
[salonsafari.com/checkouts/internal/preloads90f6.js]
[salonsafari.com/cdn/shopifycloud/shop-js/modules/v2/loader.init-shop-cart-sync.en.esm.js]
[cdn.shopify.com/shopifycloud/storefront-forms-hcaptcha/ce_storefront_forms_captcha_hcaptcha.v1.5.2.iife.js]
[salonsafari.com/cdn/shop/t/1/compiled_assets/scripts35da.js]
[salonsafari.com/cdn/fonts/assistant/assistant_n4.9120912a469cad1cc292572851508ca49d12e768.woff2]
[salonsafari.com/cdn/fonts/assistant/assistant_n4.6e9875ce64e0fefcd3f4446b7ec9036b3ddd2985.woff]
[salonsafari.com/cdn/fonts/assistant/assistant_n7.bf44452348ec8b8efa3aa3068825305886b1c83c.woff2]
[salonsafari.com/cdn/fonts/assistant/assistant_n7.0c887fee83f6b3bda822f1150b912c72da0f7b64.woff]
[salonsafari.com/cdn/shop/t/1/assets/base6386.css]
[salonsafari.com/cdn/shop/t/1/assets/component-predictive-search0530.css]
[salonsafari.com/POST]
[salonsafari.com/cdn]
[salonsafari.com/cdn/s/trekkie.storefront.8aba195e1f0d50eb4ee5422e0104eb204e686edd.min.js]
[salonsafari.com/cdn/shopifycloud/storefront/assets/shop_events_listener-3da45d37.js]
[salonsafari.com/cdn/shopifycloud/perf-kit/shopify-perf-kit-3.3.1.min.js]
[salonsafari.com/index.html]
[salonsafari.com/cdn/shop/t/1/assets/base6386.css]
[salonsafari.com/cdn/shop/t/1/assets/component-predictive-search0530.css]
[salonsafari.com/POST.html]
[salonsafari.com/cdn.html]
[salonsafari.com/cdn/shop/t/1/assets/component-slideshow3bba.css]
[salonsafari.com/cdn/shop/t/1/assets/component-slideshow3bba.css]
[salonsafari.com/cdn/shopifycloud/storefront/assets/storefront/load_feature-496de5fe.js]
[salonsafari.com/cdn/shopifycloud/portable-wallets/latest/portable-wallets.en.js]
[salonsafari.com/cdn/shopifycloud/portable-wallets/latest/accelerated-checkout-backwards-compat.css]
